============================= test session starts =============================
platform win32 -- Python 3.13.7, pytest-8.4.2, pluggy-1.6.0 -- C:\Users\rahme\AppData\Local\Programs\Python\Python313\python.exe
cachedir: .pytest_cache
rootdir: C:\Users\rahme\IdeaProjects\YouTube Transcript Agent
configfile: pyproject.toml
plugins: anyio-4.11.0, Faker-38.2.0, langsmith-0.4.45, asyncio-1.3.0, cov-7.0.0, mock-3.15.1
asyncio: mode=Mode.AUTO, debug=False, asyncio_default_fixture_loop_scope=None, asyncio_default_test_loop_scope=function
collecting ... collected 8 items

tests/services/test_embedding_service.py::TestEmbeddingService::test_singleton_pattern PASSED [ 12%]
tests/services/test_embedding_service.py::TestEmbeddingService::test_initialization_with_api_key FAILED [ 25%]
tests/services/test_embedding_service.py::TestEmbeddingService::test_initialization_without_api_key PASSED [ 37%]
tests/services/test_embedding_service.py::TestEmbeddingService::test_embed_query FAILED [ 50%]
tests/services/test_embedding_service.py::TestEmbeddingService::test_embed_documents FAILED [ 62%]
tests/services/test_embedding_service.py::TestEmbeddingService::test_embed_empty_string FAILED [ 75%]
tests/services/test_embedding_service.py::TestEmbeddingService::test_embed_documents_empty_list PASSED [ 87%]
tests/services/test_embedding_service.py::TestEmbeddingServiceIntegration::test_multiple_calls_use_same_instance FAILED [100%]

================================== FAILURES ===================================
____________ TestEmbeddingService.test_initialization_with_api_key ____________

self = <MagicMock name='OpenAIEmbeddings' id='1432755963280'>, args = ()
kwargs = {'model': 'text-embedding-3-small', 'openai_api_key': 'test-api-key'}
msg = "Expected 'OpenAIEmbeddings' to be called once. Called 0 times."

    def assert_called_once_with(self, /, *args, **kwargs):
        """assert that the mock was called exactly once and that that call was
        with the specified arguments."""
        if not self.call_count == 1:
            msg = ("Expected '%s' to be called once. Called %s times.%s"
                   % (self._mock_name or 'mock',
                      self.call_count,
                      self._calls_repr()))
>           raise AssertionError(msg)
E           AssertionError: Expected 'OpenAIEmbeddings' to be called once. Called 0 times.

..\..\AppData\Local\Programs\Python\Python313\Lib\unittest\mock.py:990: AssertionError

During handling of the above exception, another exception occurred:

self = <test_embedding_service.TestEmbeddingService object at 0x0000014D96B93ED0>
mock_getenv = <MagicMock name='getenv' id='1432755962608'>
mock_openai_embeddings = <MagicMock name='OpenAIEmbeddings' id='1432755963280'>

    @patch("writeros.utils.embeddings.OpenAIEmbeddings")
    @patch("writeros.utils.embeddings.os.getenv")
    def test_initialization_with_api_key(self, mock_getenv, mock_openai_embeddings):
        """Test successful initialization with API key."""
        mock_getenv.return_value = "test-api-key"
    
        # Reset singleton
        EmbeddingService._instance = None
    
        service = EmbeddingService()
    
        assert service is not None
>       mock_openai_embeddings.assert_called_once_with(
            model="text-embedding-3-small",
            openai_api_key="test-api-key"
        )
E       AssertionError: Expected 'OpenAIEmbeddings' to be called once. Called 0 times.

tests\services\test_embedding_service.py:33: AssertionError
____________________ TestEmbeddingService.test_embed_query ____________________

self = <test_embedding_service.TestEmbeddingService object at 0x0000014D96DD02B0>
mock_getenv = <MagicMock name='getenv' id='1432755964288'>
mock_openai_embeddings = <MagicMock name='OpenAIEmbeddings' id='1432755967984'>

    @patch("writeros.utils.embeddings.OpenAIEmbeddings")
    @patch("writeros.utils.embeddings.os.getenv")
    def test_embed_query(self, mock_getenv, mock_openai_embeddings):
        """Test single query embedding."""
        mock_getenv.return_value = "test-api-key"
    
        # Reset singleton
        EmbeddingService._instance = None
    
        # Mock the embeddings object
        mock_embedder = MagicMock()
        mock_embedder.embed_query.return_value = [0.1, 0.2, 0.3]
        mock_openai_embeddings.return_value = mock_embedder
    
        service = EmbeddingService()
>       result = service.embed_query("test query")
                 ^^^^^^^^^^^^^^^^^^^^^^^^^^^^^^^^^

tests\services\test_embedding_service.py:64: 
_ _ _ _ _ _ _ _ _ _ _ _ _ _ _ _ _ _ _ _ _ _ _ _ _ _ _ _ _ _ _ _ _ _ _ _ _ _ _ _
src\writeros\utils\embeddings.py:35: in embed_query
    return self.embeddings.embed_query(text)
           ^^^^^^^^^^^^^^^^^^^^^^^^^^^^^^^^^
..\..\AppData\Local\Programs\Python\Python313\Lib\site-packages\langchain_openai\embeddings\base.py:752: in embed_query
    return self.embed_documents([text], **kwargs)[0]
           ^^^^^^^^^^^^^^^^^^^^^^^^^^^^^^^^^^^^^^
..\..\AppData\Local\Programs\Python\Python313\Lib\site-packages\langchain_openai\embeddings\base.py:702: in embed_documents
    return self._get_len_safe_embeddings(
..\..\AppData\Local\Programs\Python\Python313\Lib\site-packages\langchain_openai\embeddings\base.py:569: in _get_len_safe_embeddings
    response = self.client.create(input=batch_tokens, **client_kwargs)
               ^^^^^^^^^^^^^^^^^^^^^^^^^^^^^^^^^^^^^^^^^^^^^^^^^^^^^^^
..\..\AppData\Local\Programs\Python\Python313\Lib\site-packages\openai\resources\embeddings.py:132: in create
    return self._post(
..\..\AppData\Local\Programs\Python\Python313\Lib\site-packages\openai\_base_client.py:1259: in post
    return cast(ResponseT, self.request(cast_to, opts, stream=stream, stream_cls=stream_cls))
                           ^^^^^^^^^^^^^^^^^^^^^^^^^^^^^^^^^^^^^^^^^^^^^^^^^^^^^^^^^^^^^^^^^
_ _ _ _ _ _ _ _ _ _ _ _ _ _ _ _ _ _ _ _ _ _ _ _ _ _ _ _ _ _ _ _ _ _ _ _ _ _ _ _

self = <openai.OpenAI object at 0x0000014D96DD2780>
cast_to = <class 'openai.types.create_embedding_response.CreateEmbeddingResponse'>
options = FinalRequestOptions(method='post', url='/embeddings', params={}, headers=NOT_GIVEN, max_retries=NOT_GIVEN, timeout=NOT..., json_data={'input': [[1985, 3319]], 'model': 'text-embedding-3-small', 'encoding_format': 'base64'}, extra_json=None)

    def request(
        self,
        cast_to: Type[ResponseT],
        options: FinalRequestOptions,
        *,
        stream: bool = False,
        stream_cls: type[_StreamT] | None = None,
    ) -> ResponseT | _StreamT:
        cast_to = self._maybe_override_cast_to(cast_to, options)
    
        # create a copy of the options we were given so that if the
        # options are mutated later & we then retry, the retries are
        # given the original options
        input_options = model_copy(options)
        if input_options.idempotency_key is None and input_options.method.lower() != "get":
            # ensure the idempotency key is reused between requests
            input_options.idempotency_key = self._idempotency_key()
    
        response: httpx.Response | None = None
        max_retries = input_options.get_max_retries(self.max_retries)
    
        retries_taken = 0
        for retries_taken in range(max_retries + 1):
            options = model_copy(input_options)
            options = self._prepare_options(options)
    
            remaining_retries = max_retries - retries_taken
            request = self._build_request(options, retries_taken=retries_taken)
            self._prepare_request(request)
    
            kwargs: HttpxSendArgs = {}
            if self.custom_auth is not None:
                kwargs["auth"] = self.custom_auth
    
            if options.follow_redirects is not None:
                kwargs["follow_redirects"] = options.follow_redirects
    
            log.debug("Sending HTTP Request: %s %s", request.method, request.url)
    
            response = None
            try:
                response = self._client.send(
                    request,
                    stream=stream or self._should_stream_response_body(request=request),
                    **kwargs,
                )
            except httpx.TimeoutException as err:
                log.debug("Encountered httpx.TimeoutException", exc_info=True)
    
                if remaining_retries > 0:
                    self._sleep_for_retry(
                        retries_taken=retries_taken,
                        max_retries=max_retries,
                        options=input_options,
                        response=None,
                    )
                    continue
    
                log.debug("Raising timeout error")
                raise APITimeoutError(request=request) from err
            except Exception as err:
                log.debug("Encountered Exception", exc_info=True)
    
                if remaining_retries > 0:
                    self._sleep_for_retry(
                        retries_taken=retries_taken,
                        max_retries=max_retries,
                        options=input_options,
                        response=None,
                    )
                    continue
    
                log.debug("Raising connection error")
                raise APIConnectionError(request=request) from err
    
            log.debug(
                'HTTP Response: %s %s "%i %s" %s',
                request.method,
                request.url,
                response.status_code,
                response.reason_phrase,
                response.headers,
            )
            log.debug("request_id: %s", response.headers.get("x-request-id"))
    
            try:
                response.raise_for_status()
            except httpx.HTTPStatusError as err:  # thrown on 4xx and 5xx status code
                log.debug("Encountered httpx.HTTPStatusError", exc_info=True)
    
                if remaining_retries > 0 and self._should_retry(err.response):
                    err.response.close()
                    self._sleep_for_retry(
                        retries_taken=retries_taken,
                        max_retries=max_retries,
                        options=input_options,
                        response=response,
                    )
                    continue
    
                # If the response is streamed then we need to explicitly read the response
                # to completion before attempting to access the response text.
                if not err.response.is_closed:
                    err.response.read()
    
                log.debug("Re-raising status error")
>               raise self._make_status_error_from_response(err.response) from None
E               openai.AuthenticationError: Error code: 401 - {'error': {'message': 'Incorrect API key provided: test-api-key. You can find your API key at https://platform.openai.com/account/api-keys.', 'type': 'invalid_request_error', 'param': None, 'code': 'invalid_api_key'}}

..\..\AppData\Local\Programs\Python\Python313\Lib\site-packages\openai\_base_client.py:1047: AuthenticationError
__________________ TestEmbeddingService.test_embed_documents __________________

self = <test_embedding_service.TestEmbeddingService object at 0x0000014D96C628D0>
mock_getenv = <MagicMock name='getenv' id='1432755962272'>
mock_openai_embeddings = <MagicMock name='OpenAIEmbeddings' id='1432755963280'>

    @patch("writeros.utils.embeddings.OpenAIEmbeddings")
    @patch("writeros.utils.embeddings.os.getenv")
    def test_embed_documents(self, mock_getenv, mock_openai_embeddings):
        """Test batch document embedding."""
        mock_getenv.return_value = "test-api-key"
    
        # Reset singleton
        EmbeddingService._instance = None
    
        # Mock the embeddings object
        mock_embedder = MagicMock()
        mock_embedder.embed_documents.return_value = [
            [0.1, 0.2, 0.3],
            [0.4, 0.5, 0.6]
        ]
        mock_openai_embeddings.return_value = mock_embedder
    
        service = EmbeddingService()
>       result = service.embed_documents(["doc1", "doc2"])
                 ^^^^^^^^^^^^^^^^^^^^^^^^^^^^^^^^^^^^^^^^^

tests\services\test_embedding_service.py:87: 
_ _ _ _ _ _ _ _ _ _ _ _ _ _ _ _ _ _ _ _ _ _ _ _ _ _ _ _ _ _ _ _ _ _ _ _ _ _ _ _
src\writeros\utils\embeddings.py:39: in embed_documents
    return self.embeddings.embed_documents(texts)
           ^^^^^^^^^^^^^^^^^^^^^^^^^^^^^^^^^^^^^^
..\..\AppData\Local\Programs\Python\Python313\Lib\site-packages\langchain_openai\embeddings\base.py:702: in embed_documents
    return self._get_len_safe_embeddings(
..\..\AppData\Local\Programs\Python\Python313\Lib\site-packages\langchain_openai\embeddings\base.py:569: in _get_len_safe_embeddings
    response = self.client.create(input=batch_tokens, **client_kwargs)
               ^^^^^^^^^^^^^^^^^^^^^^^^^^^^^^^^^^^^^^^^^^^^^^^^^^^^^^^
..\..\AppData\Local\Programs\Python\Python313\Lib\site-packages\openai\resources\embeddings.py:132: in create
    return self._post(
..\..\AppData\Local\Programs\Python\Python313\Lib\site-packages\openai\_base_client.py:1259: in post
    return cast(ResponseT, self.request(cast_to, opts, stream=stream, stream_cls=stream_cls))
                           ^^^^^^^^^^^^^^^^^^^^^^^^^^^^^^^^^^^^^^^^^^^^^^^^^^^^^^^^^^^^^^^^^
_ _ _ _ _ _ _ _ _ _ _ _ _ _ _ _ _ _ _ _ _ _ _ _ _ _ _ _ _ _ _ _ _ _ _ _ _ _ _ _

self = <openai.OpenAI object at 0x0000014D958DFCE0>
cast_to = <class 'openai.types.create_embedding_response.CreateEmbeddingResponse'>
options = FinalRequestOptions(method='post', url='/embeddings', params={}, headers=NOT_GIVEN, max_retries=NOT_GIVEN, timeout=NOT...a={'input': [[5349, 16], [5349, 17]], 'model': 'text-embedding-3-small', 'encoding_format': 'base64'}, extra_json=None)

    def request(
        self,
        cast_to: Type[ResponseT],
        options: FinalRequestOptions,
        *,
        stream: bool = False,
        stream_cls: type[_StreamT] | None = None,
    ) -> ResponseT | _StreamT:
        cast_to = self._maybe_override_cast_to(cast_to, options)
    
        # create a copy of the options we were given so that if the
        # options are mutated later & we then retry, the retries are
        # given the original options
        input_options = model_copy(options)
        if input_options.idempotency_key is None and input_options.method.lower() != "get":
            # ensure the idempotency key is reused between requests
            input_options.idempotency_key = self._idempotency_key()
    
        response: httpx.Response | None = None
        max_retries = input_options.get_max_retries(self.max_retries)
    
        retries_taken = 0
        for retries_taken in range(max_retries + 1):
            options = model_copy(input_options)
            options = self._prepare_options(options)
    
            remaining_retries = max_retries - retries_taken
            request = self._build_request(options, retries_taken=retries_taken)
            self._prepare_request(request)
    
            kwargs: HttpxSendArgs = {}
            if self.custom_auth is not None:
                kwargs["auth"] = self.custom_auth
    
            if options.follow_redirects is not None:
                kwargs["follow_redirects"] = options.follow_redirects
    
            log.debug("Sending HTTP Request: %s %s", request.method, request.url)
    
            response = None
            try:
                response = self._client.send(
                    request,
                    stream=stream or self._should_stream_response_body(request=request),
                    **kwargs,
                )
            except httpx.TimeoutException as err:
                log.debug("Encountered httpx.TimeoutException", exc_info=True)
    
                if remaining_retries > 0:
                    self._sleep_for_retry(
                        retries_taken=retries_taken,
                        max_retries=max_retries,
                        options=input_options,
                        response=None,
                    )
                    continue
    
                log.debug("Raising timeout error")
                raise APITimeoutError(request=request) from err
            except Exception as err:
                log.debug("Encountered Exception", exc_info=True)
    
                if remaining_retries > 0:
                    self._sleep_for_retry(
                        retries_taken=retries_taken,
                        max_retries=max_retries,
                        options=input_options,
                        response=None,
                    )
                    continue
    
                log.debug("Raising connection error")
                raise APIConnectionError(request=request) from err
    
            log.debug(
                'HTTP Response: %s %s "%i %s" %s',
                request.method,
                request.url,
                response.status_code,
                response.reason_phrase,
                response.headers,
            )
            log.debug("request_id: %s", response.headers.get("x-request-id"))
    
            try:
                response.raise_for_status()
            except httpx.HTTPStatusError as err:  # thrown on 4xx and 5xx status code
                log.debug("Encountered httpx.HTTPStatusError", exc_info=True)
    
                if remaining_retries > 0 and self._should_retry(err.response):
                    err.response.close()
                    self._sleep_for_retry(
                        retries_taken=retries_taken,
                        max_retries=max_retries,
                        options=input_options,
                        response=response,
                    )
                    continue
    
                # If the response is streamed then we need to explicitly read the response
                # to completion before attempting to access the response text.
                if not err.response.is_closed:
                    err.response.read()
    
                log.debug("Re-raising status error")
>               raise self._make_status_error_from_response(err.response) from None
E               openai.AuthenticationError: Error code: 401 - {'error': {'message': 'Incorrect API key provided: test-api-key. You can find your API key at https://platform.openai.com/account/api-keys.', 'type': 'invalid_request_error', 'param': None, 'code': 'invalid_api_key'}}

..\..\AppData\Local\Programs\Python\Python313\Lib\site-packages\openai\_base_client.py:1047: AuthenticationError
________________ TestEmbeddingService.test_embed_empty_string _________________

self = <test_embedding_service.TestEmbeddingService object at 0x0000014D96DA1480>
mock_getenv = <MagicMock name='getenv' id='1432764139904'>
mock_openai_embeddings = <MagicMock name='OpenAIEmbeddings' id='1432764140240'>

    @patch("writeros.utils.embeddings.OpenAIEmbeddings")
    @patch("writeros.utils.embeddings.os.getenv")
    def test_embed_empty_string(self, mock_getenv, mock_openai_embeddings):
        """Test embedding of empty string."""
        mock_getenv.return_value = "test-api-key"
    
        # Reset singleton
        EmbeddingService._instance = None
    
        mock_embedder = MagicMock()
        mock_embedder.embed_query.return_value = [0.0] * 1536
        mock_openai_embeddings.return_value = mock_embedder
    
        service = EmbeddingService()
>       result = service.embed_query("")
                 ^^^^^^^^^^^^^^^^^^^^^^^

tests\services\test_embedding_service.py:108: 
_ _ _ _ _ _ _ _ _ _ _ _ _ _ _ _ _ _ _ _ _ _ _ _ _ _ _ _ _ _ _ _ _ _ _ _ _ _ _ _
src\writeros\utils\embeddings.py:35: in embed_query
    return self.embeddings.embed_query(text)
           ^^^^^^^^^^^^^^^^^^^^^^^^^^^^^^^^^
..\..\AppData\Local\Programs\Python\Python313\Lib\site-packages\langchain_openai\embeddings\base.py:752: in embed_query
    return self.embed_documents([text], **kwargs)[0]
           ^^^^^^^^^^^^^^^^^^^^^^^^^^^^^^^^^^^^^^
..\..\AppData\Local\Programs\Python\Python313\Lib\site-packages\langchain_openai\embeddings\base.py:702: in embed_documents
    return self._get_len_safe_embeddings(
..\..\AppData\Local\Programs\Python\Python313\Lib\site-packages\langchain_openai\embeddings\base.py:590: in _get_len_safe_embeddings
    return [e if e is not None else empty_embedding() for e in embeddings]
                                    ^^^^^^^^^^^^^^^^^
..\..\AppData\Local\Programs\Python\Python313\Lib\site-packages\langchain_openai\embeddings\base.py:584: in empty_embedding
    average_embedded = self.client.create(input="", **client_kwargs)
                       ^^^^^^^^^^^^^^^^^^^^^^^^^^^^^^^^^^^^^^^^^^^^^
..\..\AppData\Local\Programs\Python\Python313\Lib\site-packages\openai\resources\embeddings.py:132: in create
    return self._post(
..\..\AppData\Local\Programs\Python\Python313\Lib\site-packages\openai\_base_client.py:1259: in post
    return cast(ResponseT, self.request(cast_to, opts, stream=stream, stream_cls=stream_cls))
                           ^^^^^^^^^^^^^^^^^^^^^^^^^^^^^^^^^^^^^^^^^^^^^^^^^^^^^^^^^^^^^^^^^
_ _ _ _ _ _ _ _ _ _ _ _ _ _ _ _ _ _ _ _ _ _ _ _ _ _ _ _ _ _ _ _ _ _ _ _ _ _ _ _

self = <openai.OpenAI object at 0x0000014D96E9F1D0>
cast_to = <class 'openai.types.create_embedding_response.CreateEmbeddingResponse'>
options = FinalRequestOptions(method='post', url='/embeddings', params={}, headers=NOT_GIVEN, max_retries=NOT_GIVEN, timeout=NOT...directs=None, json_data={'input': '', 'model': 'text-embedding-3-small', 'encoding_format': 'base64'}, extra_json=None)

    def request(
        self,
        cast_to: Type[ResponseT],
        options: FinalRequestOptions,
        *,
        stream: bool = False,
        stream_cls: type[_StreamT] | None = None,
    ) -> ResponseT | _StreamT:
        cast_to = self._maybe_override_cast_to(cast_to, options)
    
        # create a copy of the options we were given so that if the
        # options are mutated later & we then retry, the retries are
        # given the original options
        input_options = model_copy(options)
        if input_options.idempotency_key is None and input_options.method.lower() != "get":
            # ensure the idempotency key is reused between requests
            input_options.idempotency_key = self._idempotency_key()
    
        response: httpx.Response | None = None
        max_retries = input_options.get_max_retries(self.max_retries)
    
        retries_taken = 0
        for retries_taken in range(max_retries + 1):
            options = model_copy(input_options)
            options = self._prepare_options(options)
    
            remaining_retries = max_retries - retries_taken
            request = self._build_request(options, retries_taken=retries_taken)
            self._prepare_request(request)
    
            kwargs: HttpxSendArgs = {}
            if self.custom_auth is not None:
                kwargs["auth"] = self.custom_auth
    
            if options.follow_redirects is not None:
                kwargs["follow_redirects"] = options.follow_redirects
    
            log.debug("Sending HTTP Request: %s %s", request.method, request.url)
    
            response = None
            try:
                response = self._client.send(
                    request,
                    stream=stream or self._should_stream_response_body(request=request),
                    **kwargs,
                )
            except httpx.TimeoutException as err:
                log.debug("Encountered httpx.TimeoutException", exc_info=True)
    
                if remaining_retries > 0:
                    self._sleep_for_retry(
                        retries_taken=retries_taken,
                        max_retries=max_retries,
                        options=input_options,
                        response=None,
                    )
                    continue
    
                log.debug("Raising timeout error")
                raise APITimeoutError(request=request) from err
            except Exception as err:
                log.debug("Encountered Exception", exc_info=True)
    
                if remaining_retries > 0:
                    self._sleep_for_retry(
                        retries_taken=retries_taken,
                        max_retries=max_retries,
                        options=input_options,
                        response=None,
                    )
                    continue
    
                log.debug("Raising connection error")
                raise APIConnectionError(request=request) from err
    
            log.debug(
                'HTTP Response: %s %s "%i %s" %s',
                request.method,
                request.url,
                response.status_code,
                response.reason_phrase,
                response.headers,
            )
            log.debug("request_id: %s", response.headers.get("x-request-id"))
    
            try:
                response.raise_for_status()
            except httpx.HTTPStatusError as err:  # thrown on 4xx and 5xx status code
                log.debug("Encountered httpx.HTTPStatusError", exc_info=True)
    
                if remaining_retries > 0 and self._should_retry(err.response):
                    err.response.close()
                    self._sleep_for_retry(
                        retries_taken=retries_taken,
                        max_retries=max_retries,
                        options=input_options,
                        response=response,
                    )
                    continue
    
                # If the response is streamed then we need to explicitly read the response
                # to completion before attempting to access the response text.
                if not err.response.is_closed:
                    err.response.read()
    
                log.debug("Re-raising status error")
>               raise self._make_status_error_from_response(err.response) from None
E               openai.AuthenticationError: Error code: 401 - {'error': {'message': 'Incorrect API key provided: test-api-key. You can find your API key at https://platform.openai.com/account/api-keys.', 'type': 'invalid_request_error', 'param': None, 'code': 'invalid_api_key'}}

..\..\AppData\Local\Programs\Python\Python313\Lib\site-packages\openai\_base_client.py:1047: AuthenticationError
____ TestEmbeddingServiceIntegration.test_multiple_calls_use_same_instance ____

self = <test_embedding_service.TestEmbeddingServiceIntegration object at 0x0000014D96B93D90>
mock_getenv = <MagicMock name='getenv' id='1432764142928'>
mock_openai_embeddings = <MagicMock name='OpenAIEmbeddings' id='1432764143264'>

    @patch("writeros.utils.embeddings.OpenAIEmbeddings")
    @patch("writeros.utils.embeddings.os.getenv")
    def test_multiple_calls_use_same_instance(self, mock_getenv, mock_openai_embeddings):
        """Test that multiple calls use the same singleton instance."""
        mock_getenv.return_value = "test-api-key"
    
        # Reset singleton
        EmbeddingService._instance = None
    
        mock_embedder = MagicMock()
        mock_openai_embeddings.return_value = mock_embedder
    
        service1 = EmbeddingService()
        service2 = EmbeddingService()
    
        # Should only initialize once
>       assert mock_openai_embeddings.call_count == 1
E       AssertionError: assert 0 == 1
E        +  where 0 = <MagicMock name='OpenAIEmbeddings' id='1432764143264'>.call_count

tests\services\test_embedding_service.py:150: AssertionError
=============================== tests coverage ================================
_______________ coverage: platform win32, python 3.13.7-final-0 _______________

Name                                  Stmts   Miss  Cover   Missing
-------------------------------------------------------------------
src\writeros\__init__.py                  1      0   100%
src\writeros\agents\__init__.py          22     22     0%   1-23
src\writeros\agents\architect.py        123    123     0%   2-303
src\writeros\agents\base.py              22     22     0%   1-44
src\writeros\agents\chronologist.py      22     22     0%   1-57
src\writeros\agents\dramatist.py        136    136     0%   4-286
src\writeros\agents\mechanic.py          31     31     0%   1-68
src\writeros\agents\navigator.py         26     26     0%   1-59
src\writeros\agents\orchestrator.py      68     68     0%   5-149
src\writeros\agents\producer.py         201    201     0%   1-368
src\writeros\agents\profiler.py         124    124     0%   1-322
src\writeros\agents\psychologist.py      40     40     0%   1-92
src\writeros\agents\stylist.py           14     14     0%   2-49
src\writeros\agents\theorist.py          34     34     0%   1-65
src\writeros\agents\tools.py             31     31     0%   5-76
src\writeros\api\__init__.py              0      0   100%
src\writeros\api\app.py                  12     12     0%   1-21
src\writeros\cli\__init__.py              0      0   100%
src\writeros\cli\main.py                 41     41     0%   1-83
src\writeros\config.py                   10     10     0%   1-13
src\writeros\core\__init__.py             0      0   100%
src\writeros\core\logging.py             13     13     0%   1-51
src\writeros\graphs\__init__.py           0      0   100%
src\writeros\rag\__init__.py              0      0   100%
src\writeros\schema\__init__.py          15     15     0%   1-19
src\writeros\schema\api.py               22     22     0%   1-26
src\writeros\schema\base.py              12     12     0%   1-16
src\writeros\schema\enums.py             88     88     0%   1-99
src\writeros\schema\graph.py             16     16     0%   1-19
src\writeros\schema\library.py           72     72     0%   1-147
src\writeros\schema\logistics.py         17     17     0%   1-22
src\writeros\schema\mechanics.py         18     18     0%   1-35
src\writeros\schema\narrative.py         19     19     0%   1-35
src\writeros\schema\project.py           10     10     0%   1-11
src\writeros\schema\prose.py             14     14     0%   1-19
src\writeros\schema\psychology.py        36     36     0%   1-57
src\writeros\schema\session.py           27     27     0%   1-35
src\writeros\schema\theme.py             17     17     0%   1-20
src\writeros\schema\world.py             53     53     0%   1-74
src\writeros\services\__init__.py         0      0   100%
src\writeros\tasks\__init__.py            0      0   100%
src\writeros\utils\embeddings.py         26      0   100%
-------------------------------------------------------------------
TOTAL                                  1433   1406     2%
Coverage HTML written to dir htmlcov
=========================== short test summary info ===========================
FAILED tests/services/test_embedding_service.py::TestEmbeddingService::test_initialization_with_api_key - AssertionError: Expected 'OpenAIEmbeddings' to be called once. Called 0 times.
FAILED tests/services/test_embedding_service.py::TestEmbeddingService::test_embed_query - openai.AuthenticationError: Error code: 401 - {'error': {'message': 'Incorrect API key provided: test-api-key. You can find your API key at https://platform.openai.com/account/api-keys.', 'type': 'invalid_request_error', 'param': None, 'code': 'invalid_api_key'}}
FAILED tests/services/test_embedding_service.py::TestEmbeddingService::test_embed_documents - openai.AuthenticationError: Error code: 401 - {'error': {'message': 'Incorrect API key provided: test-api-key. You can find your API key at https://platform.openai.com/account/api-keys.', 'type': 'invalid_request_error', 'param': None, 'code': 'invalid_api_key'}}
FAILED tests/services/test_embedding_service.py::TestEmbeddingService::test_embed_empty_string - openai.AuthenticationError: Error code: 401 - {'error': {'message': 'Incorrect API key provided: test-api-key. You can find your API key at https://platform.openai.com/account/api-keys.', 'type': 'invalid_request_error', 'param': None, 'code': 'invalid_api_key'}}
FAILED tests/services/test_embedding_service.py::TestEmbeddingServiceIntegration::test_multiple_calls_use_same_instance - AssertionError: assert 0 == 1
 +  where 0 = <MagicMock name='OpenAIEmbeddings' id='1432764143264'>.call_count
========================= 5 failed, 3 passed in 8.52s =========================
